// Jest Snapshot v1, https://goo.gl/fbAQLP

exports[`Test in <AddCategory /> ==> It should show up correctly 1`] = `
<form
  onSubmit={[Function]}
>
  <p />
  <input
    onChange={[Function]}
    placeholder="Ingresa un valor"
    type="text"
    value=""
  />
</form>
`;
