// Jest Snapshot v1, https://goo.gl/fbAQLP

exports[`Components testing >> Testing component <GifGridItem /> 1`] = `
<div
  className="card animate__animated animate__fadeIn"
>
  <img
    alt="Un titulo"
    src="https://localhost/"
  />
  <h4>
    Un titulo
  </h4>
</div>
`;
